         ns       /test_filter_generic/iout0          /test_filter_generic/iout3          /test_filter_generic/iout6          
          delta               /test_filter_generic/iout1          /test_filter_generic/iout4                                  
                                          /test_filter_generic/iout2          /test_filter_generic/iout5                      
          0  +0                  -2147483648 -2147483648 -2147483648 -2147483648 -2147483648 -2147483648 -2147483648 
          0  +1                            0           0           0           0           0           0           0 
         10  +3                            8          17          34          66         125         227         392 
         30  +3                           15          33          65         121         202         247         -54 
         50  +3                           15          32          60          98         109         -85        -477 
         70  +3                           15          30          54          75          24        -229          78 
         90  +3                           14          29          48          52         -44        -203         100 
        110  +3                           14          28          43          31         -89         -94         -33 
        130  +3                           14          27          37          11        -111          10         -19 
        150  +3                           13          26          32          -7        -113          63           9 
        170  +3                           13          24          26         -22        -100          63           2 
        190  +3                           13          23          21         -34         -76          33          -3 
        210  +3                           12          22          15         -44         -49           1           0 
        230  +3                           12          21          10         -51         -21         -18           0 
        250  +3                           11          20           6         -55           2         -20           0 
        270  +3                           11          19           1         -56          19         -12           0 
        290  +3                           11          18          -3         -56          30          -2           0 
        310  +3                           10          17          -7         -53          33           4           0 
        330  +3                           10          16         -10         -49          32           6           0 
        350  +3                           10          15         -14         -44          26           3           0 
        370  +3                            9          14         -16         -38          19           0           0 
        390  +3                            9          13         -19         -32          10          -2           0 
        410  +3                            8          12         -21         -25           3          -2           0 
        430  +3                            8          11         -23         -18          -4          -2           0 
        450  +3                            7          10         -25         -12          -8          -1           0 
        470  +3                            7           9         -26          -6         -10           0           0 
        490  +3                            7           8         -27           0         -11           0           0 
        510  +3                            6           8         -28           4          -9           0           0 
        530  +3                            6           7         -28           8          -7           0           0 
        550  +3                            5           6         -28          11          -5           0           0 
        570  +3                            5           5         -28          14          -3           0           0 
        590  +3                            5           5         -28          15           0           0           0 
        610  +3                            4           4         -27          16           1           0           0 
        630  +3                            4           3         -26          16           2           0           0 
        650  +3                            3           2         -25          15           2           0           0 
        670  +3                            3           2         -24          14           2           0           0 
        690  +3                            3           1         -23          13           2           0           0 
        710  +3                            2           1         -22          11           1           0           0 
        730  +3                            2           0         -20           9           1           0           0 
        750  +3                            1          -1         -19           7           0           0           0 
        770  +3                            1          -1         -17           5          -1           0           0 
        790  +3                            1          -2         -15           3          -1           0           0 
        810  +3                            0          -2         -14           2          -1           0           0 
        830  +3                            0          -3         -12           0          -1           0           0 
        850  +3                            0          -3         -10          -2          -1           0           0 
        870  +3                           -1          -4          -9          -3          -1           0           0 
        890  +3                           -1          -4          -7          -4          -1           0           0 
        910  +3                           -1          -5          -6          -5          -1           0           0 
        930  +3                           -2          -5          -4          -5           0           0           0 
        950  +3                           -2          -5          -3          -5           0           0           0 
        970  +3                           -2          -6          -2          -5           0           0           0 
        990  +3                           -3          -6           0          -5           0           0           0 
       1010  +3                           -3          -6           1          -5           0           0           0 
       1030  +3                           -3          -7           2          -5           0           0           0 
       1050  +3                           -4          -7           3          -4           0           0           0 
       1070  +3                           -4          -7           4          -4           0           0           0 
       1090  +3                           -4          -8           5          -3           0           0           0 
       1110  +3                           -4          -8           5          -2           0           0           0 
       1130  +3                           -5          -8           6          -2           0           0           0 
       1150  +3                           -5          -8           6          -1           0           0           0 
       1170  +3                           -5          -8           7          -1           0           0           0 
       1190  +3                           -5          -9           7           0           0           0           0 
       1210  +3                           -6          -9           7           0           0           0           0 
       1250  +3                           -6          -9           8           1           0           0           0 
       1290  +3                           -6          -9           7           1           0           0           0 
       1310  +3                           -7          -9           7           1           0           0           0 
       1350  +3                           -7         -10           7           1           0           0           0 
       1390  +3                           -7         -10           6           1           0           0           0 
       1410  +3                           -7         -10           6           0           0           0           0 
       1430  +3                           -7         -10           5           0           0           0           0 
       1470  +3                           -8         -10           5           0           0           0           0 
       1490  +3                           -8         -10           4           0           0           0           0 
       1530  +3                           -8         -10           3           0           0           0           0 
       1550  +3                           -8         -10           3          -1           0           0           0 
       1570  +3                           -8         -10           2          -1           0           0           0 
       1610  +3                           -8         -10           1          -1           0           0           0 
       1650  +3                           -8          -9           0          -1           0           0           0 
       1710  +3                           -8          -9          -1          -1           0           0           0 
       1770  +3                           -8          -9          -2          -1           0           0           0 
       1870  +3                           -8          -8          -3          -1           0           0           0 
       1930  +3                           -8          -8          -3           0           0           0           0 
       1990  +3                           -7          -8          -3           0           0           0           0 
       2030  +3                           -7          -7          -3           0           0           0           0 
       2110  +3                           -7          -7          -2           0           0           0           0 
       2170  +3                           -6          -6          -2           0           0           0           0 
       2250  +3                           -6          -6          -1           0           0           0           0 
       2290  +3                           -6          -5          -1           0           0           0           0 
       2310  +3                           -5          -5          -1           0           0           0           0 
       2410  +3                           -5          -5           0           0           0           0           0 
       2450  +3                           -4          -4           0           0           0           0           0 
       2570  +3                           -3          -4           0           0           0           0           0 
       2590  +3                           -3          -3           0           0           0           0           0 
       2690  +3                           -2          -3           0           0           0           0           0 
       2750  +3                           -2          -2           0           0           0           0           0 
       2810  +3                           -1          -2           0           0           0           0           0 
       2930  +3                           -1          -1           0           0           0           0           0 
       2950  +3                            0          -1           0           0           0           0           0 
       3110  +3                            1          -1           0           0           0           0           0 
       3170  +3                            1           0           0           0           0           0           0 
       3310  +3                            2           0           0           0           0           0           0 
